I'm sorry, but errors were detected in your script. Please correct the
errors listed below, and try again.


File "game/2_vinyl.rpy", line 3: end of line expected.
    show a_cubes with Dissolve(2.0) at bg
                                    ^

Ren'Py Version: Ren'Py 8.3.7.25031702
Mon Sep 29 21:09:39 2025
